// Jest Snapshot v1, https://goo.gl/fbAQLP

exports[`Home renders without crashing 1`] = `
<div
  data-testid="modalVerifyAccount"
>
  <p>
    Reset your password
  </p>
  <p>
    To reset your password, click the verification button in the email we sent to user@email.com. This helps keep your account secure.
  </p>
  <p>
    No email in your inbox or spam folder? Letâ€™s
  </p>
  <button
    disabled={false}
    onClick={[Function]}
  >
    resend it
  </button>
  <p>
    .
  </p>
</div>
`;
