// Jest Snapshot v1, https://goo.gl/fbAQLP

exports[`ProfilePicture renders without crashing 1`] = `
<div>
  <button
    data-testid="profilePictureButton"
    onClick={[Function]}
  />
  <a
    href="#"
  >
    <img
      alt="profile picture"
      src="http://url.com"
    />
  </a>
</div>
`;
