// Jest Snapshot v1, https://goo.gl/fbAQLP

exports[`App renders without crashing 1`] = `
<div
  className="sc-cbDGPM hDGbnb"
>
  <div
    className="sc-jrAGrp fcftTm"
  >
    <img
      alt="Galeries logo"
      className="sc-kEjbxe fWOire"
      src={Object {}}
    />
  </div>
</div>
`;
