// Jest Snapshot v1, https://goo.gl/fbAQLP

exports[`Footer renders without crashing 1`] = `
<footer>
  <p>
    Allan Aoudji @2021
  </p>
</footer>
`;
