// Jest Snapshot v1, https://goo.gl/fbAQLP

exports[`Footer renders without crashing 1`] = `
<p
  className="sc-bdfBwQ pCYUg"
  color="black"
  fontStyle="normal"
  fontWeight="lighter"
>
  Allan Aoudji @2021
</p>
`;
