// Jest Snapshot v1, https://goo.gl/fbAQLP

exports[`ProfilePictureContainer renders without crashing 1`] = `null`;
