// Jest Snapshot v1, https://goo.gl/fbAQLP

exports[`ModalLogin renders without crashing 1`] = `
<div
  className="sc-gKsewC glimMp"
  data-testid="loginModal"
>
  <div
    className="sc-iBPRYJ gNBldS"
  >
    <button
      className="sc-jrAGrp brUJJc"
      disabled={false}
      onClick={[Function]}
    >
      <div
        className="sc-kEjbxe kqrVhM"
      >
        <img
          alt="logo facebook"
          src=""
        />
      </div>
      Log in
      with
    Facebook
    </button>
    <button
      className="sc-jrAGrp gYDHmD"
      disabled={false}
      onClick={[Function]}
    >
      <div
        className="sc-kEjbxe kqrVhM"
      >
        <img
          alt="logo google"
          src=""
        />
      </div>
      Log in
      with
    Google
    </button>
    <p
      className="sc-dQppl krnyqM"
    >
      or
    </p>
    <form
      onSubmit={[Function]}
    >
      <div
        className="sc-bdfBwQ bPodhE"
      >
        <label
          className="sc-hKgILt fWofNq"
          htmlFor="userNameOrEmail"
        >
          <p>
            user name or email
          </p>
          <p>
            *
          </p>
        </label>
        <input
          className="sc-dlfnbm jEuCWi"
          data-testid="userNameOrEmailField"
          disabled={false}
          id="userNameOrEmail"
          name="userNameOrEmail"
          onBlur={[Function]}
          onChange={[Function]}
          type="text"
          value=""
        />
      </div>
      <div
        className="sc-bdfBwQ jjTxxT"
      >
        <label
          className="sc-hKgILt fWofNq"
          htmlFor="password"
        >
          <p>
            password
          </p>
          <p>
            *
          </p>
        </label>
        <input
          className="sc-dlfnbm jEuCWi"
          data-testid="passwordField"
          disabled={false}
          id="password"
          name="password"
          onBlur={[Function]}
          onChange={[Function]}
          type="password"
          value=""
        />
      </div>
      <div
        className="sc-pFZIQ fWwXIM"
      >
        <p>
          *
        </p>
        <p>
          Required fields
        </p>
      </div>
      <div>
        <div
          className="sc-bqyKva iXpSHc"
          data-testid="forgotPasswordButton"
          onClick={[Function]}
        >
          Forgot your password?
        </div>
      </div>
      <button
        className="sc-eCssSg jyZzSq"
        data-testid="submitButton"
        disabled={false}
        type="submit"
      >
        Log in
      </button>
    </form>
    <div
      className="sc-crrsfI dauOmI"
      fontSize={0.65}
    >
      <p>
        You donâ€™t have an account yet? click 
        <span
          className="sc-iqHYGH bleeKr"
          data-testid="switchToSignin"
          onClick={[Function]}
        >
          here
        </span>
        .
      </p>
    </div>
  </div>
  <div
    className="sc-jSgupP bpponA"
  />
</div>
`;
