// Jest Snapshot v1, https://goo.gl/fbAQLP

exports[`FacebookButton renders without crashing 1`] = `
<button
  data-testid="button"
  disabled={false}
  onClick={[Function]}
>
  <img
    alt="logo facebook"
    src=""
  />
  log in 
  with Facebook
</button>
`;
