// Jest Snapshot v1, https://goo.gl/fbAQLP

exports[`ModalResetPasswordLanding renders without crashing 1`] = `
<div
  className="sc-gsTCUz gpRCqf"
  data-testid="modalValidateResetPassword"
>
  <div
    className="sc-dlfnbm erazeS"
  >
    <h3
      className="sc-hKgILt cfzZCa"
    >
      Reset your password
    </h3>
    <p
      data-testid="validateResetPasswordBody"
    >
      To reset your password, click the verification button in the email we sent to 
      mockedEmail@email.com
      . This helps keep your account secure.
    </p>
    <div
      className="sc-gKsewC hQKVAW"
      fontSize={1}
    >
      <p>
        No email in your inbox or spam folder? Letâ€™s 
        <span
          className="sc-jSgupP eLLNoK"
          onClick={[Function]}
        >
          resend it
        </span>
        .
      </p>
    </div>
  </div>
  <div
    className="sc-bdfBwQ kUovzw background-container"
  />
</div>
`;
