// Jest Snapshot v1, https://goo.gl/fbAQLP

exports[`ModalValidateResetPassword renders without crashing 1`] = `
<div
  data-testid="modalValidateResetPassword"
>
  <p>
    Reset your password
  </p>
  <p
    data-testid="validateResetPasswordBody"
  >
    To reset your password, click the verification button in the email we sent to 
    mockedEmail@email.com
    . This helps keep your account secure.
  </p>
  <p>
    No email in your inbox or spam folder? Letâ€™s
  </p>
  <button
    disabled={false}
    onClick={[Function]}
  >
    resend it
  </button>
  <p>
    .
  </p>
</div>
`;
